// Jest Snapshot v1, https://goo.gl/fbAQLP

exports[`<App /> should match the snapshot 1`] = `
<DocumentFragment>
  <div
    class="page"
  >
    <header
      class="section header__container"
    >
      <h1
        class="header"
      >
        MovieRama
      </h1>
      <input
        aria-label="searchInput"
        class="search"
        data-testid="appSearchBox"
        placeholder="Search movies"
        type="search"
      />
    </header>
    <div
      class="movie__container"
      data-testid="appComponent"
    >
      <div
        class="movie__grid"
      />
    </div>
  </div>
</DocumentFragment>
`;
